[09Nov2025 19:01:16.237] [main/INFO] [cpw.mods.modlauncher.Launcher/MODLAUNCHER]: ModLauncher running: args [--launchTarget, forgedatauserdev, --assetIndex, 17, --assetsDir, C:\\Users\\ScaredRabbit\\.gradle\\caches\\neoformruntime\\assets, --gameDir, ., --fml.neoForgeVersion, 21.1.113, --fml.fmlVersion, 4.0.35, --fml.mcVersion, 1.21.1, --fml.neoFormVersion, 20240808.144430, --mod, potion_totems, --all, --output, C:\\Users\\ScaredRabbit\\Documents\\Projects\\Minecraft\\NeoForge\\PotionTotems\\src\\generated\\resources, --existing, C:\\Users\\ScaredRabbit\\Documents\\Projects\\Minecraft\\NeoForge\\PotionTotems\\src\\main\\resources]
[09Nov2025 19:01:16.241] [main/INFO] [cpw.mods.modlauncher.Launcher/MODLAUNCHER]: JVM identified as Eclipse Adoptium OpenJDK 64-Bit Server VM 21.0.6+7-LTS
[09Nov2025 19:01:16.242] [main/INFO] [cpw.mods.modlauncher.Launcher/MODLAUNCHER]: ModLauncher 11.0.4+main.d2e20e43 starting: java version 21.0.6 by Eclipse Adoptium; OS Windows 11 arch amd64 version 10.0
[09Nov2025 19:01:16.369] [main/INFO] [net.neoforged.fml.loading.ImmediateWindowHandler/]: ImmediateWindowProvider not loading because launch target is forgedatauserdev
[09Nov2025 19:01:16.428] [main/INFO] [mixin/]: SpongePowered MIXIN Subsystem Version=0.8.7 Source=union:/C:/Users/ScaredRabbit/.gradle/caches/modules-2/files-2.1/net.fabricmc/sponge-mixin/0.15.2+mixin.0.8.7/2af2f021d8e02a0220dc27a7a72b4666d66d44ca/sponge-mixin-0.15.2+mixin.0.8.7.jar%23131!/ Service=ModLauncher Env=CLIENT
[09Nov2025 19:01:17.130] [main/WARN] [net.neoforged.jarjar.selection.JarSelector/]: Attempted to select two dependency jars from JarJar which have the same identification: Nested Mod File  in Mod File: C:\Users\ScaredRabbit\.gradle\caches\modules-2\files-2.1\thedarkcolour\kotlinforforge-neoforge\5.4.0\ec9257af1d76150df2e0596379bf2564976a9f23\kotlinforforge-neoforge-5.4.0-all.jar and Nested Mod File  in Mod File: C:\Users\ScaredRabbit\.gradle\caches\modules-2\files-2.1\thedarkcolour\kotlinforforge-neoforge\5.4.0\ec9257af1d76150df2e0596379bf2564976a9f23\kotlinforforge-neoforge-5.4.0-all.jar. Using Nested Mod File  in Mod File: C:\Users\ScaredRabbit\.gradle\caches\modules-2\files-2.1\thedarkcolour\kotlinforforge-neoforge\5.4.0\ec9257af1d76150df2e0596379bf2564976a9f23\kotlinforforge-neoforge-5.4.0-all.jar
[09Nov2025 19:01:17.131] [main/INFO] [net.neoforged.fml.loading.moddiscovery.locators.JarInJarDependencyLocator/]: Found 14 dependencies adding them to mods collection
[09Nov2025 19:01:17.133] [main/INFO] [net.neoforged.fml.loading.moddiscovery.ModDiscoverer/]: 
     Mod List:
		Name Version (Mod Id)

		Fzzy Config 0.7.2+1.21+neoforge (fzzy_config)
		Kotlin For Forge 5.4.0 (kotlinforforge)
		Minecraft 1.21.1 (minecraft)
		NeoForge 21.1.113 (neoforge)
		PotionTotems 1.0.0 (potion_totems)
		Resourceful Lib 3.0.12 (resourcefullib)
[09Nov2025 19:01:18.518] [main/INFO] [mixin/]: Compatibility level set to JAVA_21
[09Nov2025 19:01:18.535] [main/INFO] [cpw.mods.modlauncher.LaunchServiceHandler/MODLAUNCHER]: Launching target 'forgedatauserdev' with arguments [--gameDir, ., --assetsDir, C:\Users\ScaredRabbit\.gradle\caches\neoformruntime\assets, --assetIndex, 17, --mod, potion_totems, --all, --output, C:\\Users\\ScaredRabbit\\Documents\\Projects\\Minecraft\\NeoForge\\PotionTotems\\src\\generated\\resources, --existing, C:\\Users\\ScaredRabbit\\Documents\\Projects\\Minecraft\\NeoForge\\PotionTotems\\src\\main\\resources]
[09Nov2025 19:01:19.000] [main/INFO] [net.neoforged.neoforge.data.loading.DatagenModLoader/]: Initializing Data Gatherer for mods [potion_totems]
[09Nov2025 19:01:19.013] [main/INFO] [MixinExtras|Service/]: Initializing MixinExtras via com.llamalad7.mixinextras.service.MixinExtrasServiceImpl(version=0.4.1).
[09Nov2025 19:01:24.564] [modloading-worker-0/INFO] [net.neoforged.neoforge.common.NeoForgeMod/NEOFORGE-MOD]: NeoForge mod loading, version 21.1.113, for MC 1.21.1
[09Nov2025 19:01:24.923] [modloading-worker-0/INFO] [thedarkcolour.kotlinforforge.neoforge.test.KotlinForForge/]: Kotlin For Forge Enabled!
[09Nov2025 19:01:25.161] [modloading-worker-0/INFO] [fzzy_config/]: Loaded config potion_totems:potion_totems-common in 541ms
[09Nov2025 19:01:25.162] [modloading-worker-0/INFO] [fzzy_config/]: Loaded config fzzy_config:keybinds in 518ms
[09Nov2025 19:01:25.498] [main/WARN] [net.minecraft.server.packs.VanillaPackResourcesBuilder/]: Assets URL 'union:/C:/Users/ScaredRabbit/Documents/Projects/Minecraft/NeoForge/PotionTotems/build/moddev/artifacts/neoforge-21.1.113.jar%23183!/assets/.mcassetsroot' uses unexpected schema
[09Nov2025 19:01:25.498] [main/WARN] [net.minecraft.server.packs.VanillaPackResourcesBuilder/]: Assets URL 'union:/C:/Users/ScaredRabbit/Documents/Projects/Minecraft/NeoForge/PotionTotems/build/moddev/artifacts/neoforge-21.1.113.jar%23183!/data/.mcassetsroot' uses unexpected schema
[09Nov2025 19:01:25.639] [main/INFO] [net.minecraft.data.DataGenerator/]: Starting provider: Recipes
[09Nov2025 19:01:25.765] [main/INFO] [net.minecraft.data.DataGenerator/]: Recipes finished after 126 ms
[09Nov2025 19:01:25.765] [main/INFO] [net.minecraft.data.DataGenerator/]: Starting provider: Item Models: potion_totems
[09Nov2025 19:01:25.775] [main/INFO] [net.minecraft.data.DataGenerator/]: Item Models: potion_totems finished after 9 ms
[09Nov2025 19:01:25.775] [main/INFO] [net.minecraft.data.DataGenerator/]: Starting provider: Languages: en_us for mod: potion_totems
[09Nov2025 19:01:25.777] [main/INFO] [net.minecraft.data.DataGenerator/]: Languages: en_us for mod: potion_totems finished after 3 ms
[09Nov2025 19:01:25.777] [main/INFO] [net.minecraft.data.DataGenerator/]: All providers took: 139 ms
[09Nov2025 19:01:25.785] [main/INFO] [net.minecraft.data.HashCache/]: Caching: total files: 6, old count: 0, new count: 7, removed stale: 0, written: 6
